------------------------------------------------------------
Timing Analyzer Summary
------------------------------------------------------------

Type  : Slow 1200mV 85C Model Setup 'clk'
Slack : -0.831
TNS   : -6.445

Type  : Slow 1200mV 85C Model Hold 'clk'
Slack : 0.111
TNS   : 0.000

Type  : Slow 1200mV 85C Model Recovery 'clk'
Slack : -1.613
TNS   : -30.747

Type  : Slow 1200mV 85C Model Removal 'clk'
Slack : 0.587
TNS   : 0.000

Type  : Slow 1200mV 85C Model Minimum Pulse Width 'clk'
Slack : -3.000
TNS   : -23.000

Type  : Slow 1200mV 0C Model Setup 'clk'
Slack : -0.664
TNS   : -5.014

Type  : Slow 1200mV 0C Model Hold 'clk'
Slack : 0.160
TNS   : 0.000

Type  : Slow 1200mV 0C Model Recovery 'clk'
Slack : -1.382
TNS   : -26.628

Type  : Slow 1200mV 0C Model Removal 'clk'
Slack : 0.565
TNS   : 0.000

Type  : Slow 1200mV 0C Model Minimum Pulse Width 'clk'
Slack : -3.000
TNS   : -23.000

Type  : Fast 1200mV 0C Model Setup 'clk'
Slack : -0.060
TNS   : -0.335

Type  : Fast 1200mV 0C Model Hold 'clk'
Slack : -0.048
TNS   : -0.227

Type  : Fast 1200mV 0C Model Recovery 'clk'
Slack : -0.586
TNS   : -9.316

Type  : Fast 1200mV 0C Model Removal 'clk'
Slack : 0.291
TNS   : 0.000

Type  : Fast 1200mV 0C Model Minimum Pulse Width 'clk'
Slack : -3.000
TNS   : -23.878

------------------------------------------------------------
