------------------------------------------------------------
Timing Analyzer Summary
------------------------------------------------------------

Type  : Slow 1200mV 85C Model Setup 'clk'
Slack : -0.693
TNS   : -5.052

Type  : Slow 1200mV 85C Model Hold 'clk'
Slack : 0.111
TNS   : 0.000

Type  : Slow 1200mV 85C Model Recovery 'clk'
Slack : -1.506
TNS   : -23.467

Type  : Slow 1200mV 85C Model Removal 'clk'
Slack : 0.528
TNS   : 0.000

Type  : Slow 1200mV 85C Model Minimum Pulse Width 'clk'
Slack : -3.000
TNS   : -23.000

Type  : Slow 1200mV 0C Model Setup 'clk'
Slack : -0.543
TNS   : -3.768

Type  : Slow 1200mV 0C Model Hold 'clk'
Slack : 0.171
TNS   : 0.000

Type  : Slow 1200mV 0C Model Recovery 'clk'
Slack : -1.266
TNS   : -19.708

Type  : Slow 1200mV 0C Model Removal 'clk'
Slack : 0.524
TNS   : 0.000

Type  : Slow 1200mV 0C Model Minimum Pulse Width 'clk'
Slack : -3.000
TNS   : -23.000

Type  : Fast 1200mV 0C Model Setup 'clk'
Slack : 0.014
TNS   : 0.000

Type  : Fast 1200mV 0C Model Hold 'clk'
Slack : -0.069
TNS   : -0.282

Type  : Fast 1200mV 0C Model Recovery 'clk'
Slack : -0.640
TNS   : -7.331

Type  : Fast 1200mV 0C Model Removal 'clk'
Slack : 0.291
TNS   : 0.000

Type  : Fast 1200mV 0C Model Minimum Pulse Width 'clk'
Slack : -3.000
TNS   : -23.863

------------------------------------------------------------
