------------------------------------------------------------
Timing Analyzer Summary
------------------------------------------------------------

Type  : Slow 1200mV 85C Model Setup 'clk'
Slack : -0.708
TNS   : -3.331

Type  : Slow 1200mV 85C Model Hold 'clk'
Slack : 0.176
TNS   : 0.000

Type  : Slow 1200mV 85C Model Recovery 'clk'
Slack : -1.609
TNS   : -22.086

Type  : Slow 1200mV 85C Model Removal 'clk'
Slack : 0.284
TNS   : 0.000

Type  : Slow 1200mV 85C Model Minimum Pulse Width 'clk'
Slack : -3.000
TNS   : -23.000

Type  : Slow 1200mV 0C Model Setup 'clk'
Slack : -0.548
TNS   : -2.006

Type  : Slow 1200mV 0C Model Hold 'clk'
Slack : 0.191
TNS   : 0.000

Type  : Slow 1200mV 0C Model Recovery 'clk'
Slack : -1.348
TNS   : -17.969

Type  : Slow 1200mV 0C Model Removal 'clk'
Slack : 0.294
TNS   : 0.000

Type  : Slow 1200mV 0C Model Minimum Pulse Width 'clk'
Slack : -3.000
TNS   : -23.000

Type  : Fast 1200mV 0C Model Setup 'clk'
Slack : 0.033
TNS   : 0.000

Type  : Fast 1200mV 0C Model Hold 'clk'
Slack : 0.038
TNS   : 0.000

Type  : Fast 1200mV 0C Model Recovery 'clk'
Slack : -0.536
TNS   : -6.156

Type  : Fast 1200mV 0C Model Removal 'clk'
Slack : 0.161
TNS   : 0.000

Type  : Fast 1200mV 0C Model Minimum Pulse Width 'clk'
Slack : -3.000
TNS   : -23.833

------------------------------------------------------------
